# serializer version: 1
# name: test_parse_shadow
  dict({
    'battery_charge_state': dict({
      'device_class': None,
      'entity_category': None,
      'label': 'Battery Charge State',
      'state_class': None,
      'type': 'CyclobatSensor',
      'unit_of_measurement': None,
      'value': '1',
      'value_translated': None,
    }),
    'battery_cycles': dict({
      'device_class': None,
      'entity_category': None,
      'label': 'Battery Cycles',
      'state_class': None,
      'type': 'CyclobatSensor',
      'unit_of_measurement': None,
      'value': '12',
      'value_translated': None,
    }),
    'battery_percentage': dict({
      'device_class': 'battery',
      'entity_category': None,
      'label': 'Battery Percentage',
      'state_class': 'measurement',
      'type': 'CyclobatSensor',
      'unit_of_measurement': '%',
      'value': 87,
      'value_translated': None,
    }),
    'battery_state': dict({
      'device_class': None,
      'entity_category': None,
      'label': 'Battery State',
      'state_class': None,
      'type': 'CyclobatSensor',
      'unit_of_measurement': None,
      'value': '2',
      'value_translated': None,
    }),
    'battery_version': dict({
      'device_class': None,
      'entity_category': None,
      'label': 'Battery Version',
      'state_class': None,
      'type': 'CyclobatSensor',
      'unit_of_measurement': None,
      'value': 'v1',
      'value_translated': None,
    }),
    'battery_warning_code': dict({
      'device_class': None,
      'entity_category': None,
      'label': 'Battery Warning Code',
      'state_class': None,
      'type': 'CyclobatSensor',
      'unit_of_measurement': None,
      'value': '0',
      'value_translated': None,
    }),
    'cycle': dict({
      'device_class': None,
      'entity_category': None,
      'label': 'Cycle',
      'state_class': None,
      'type': 'CyclobatSensor',
      'unit_of_measurement': None,
      'value': '0',
      'value_translated': None,
    }),
    'diagnostic_code': dict({
      'device_class': None,
      'entity_category': None,
      'label': 'Diagnostic Code',
      'state_class': None,
      'type': 'CyclobatSensor',
      'unit_of_measurement': None,
      'value': '0',
      'value_translated': None,
    }),
    'first_smart_done': dict({
      'device_class': None,
      'entity_category': None,
      'label': 'First Smart Done',
      'state_class': None,
      'type': 'CyclobatSensor',
      'unit_of_measurement': None,
      'value': 'True',
      'value_translated': None,
    }),
    'floor_duration': dict({
      'device_class': 'duration',
      'entity_category': None,
      'label': 'Floor Duration',
      'state_class': 'measurement',
      'type': 'CyclobatSensor',
      'unit_of_measurement': 'min',
      'value': 90,
      'value_translated': None,
    }),
    'floor_walls_duration': dict({
      'device_class': 'duration',
      'entity_category': None,
      'label': 'Floor Walls Duration',
      'state_class': 'measurement',
      'type': 'CyclobatSensor',
      'unit_of_measurement': 'min',
      'value': 120,
      'value_translated': None,
    }),
    'last_cycle_duration': dict({
      'device_class': 'duration',
      'entity_category': None,
      'label': 'Last Cycle Duration',
      'state_class': 'measurement',
      'type': 'CyclobatSensor',
      'unit_of_measurement': 'min',
      'value': 90,
      'value_translated': None,
    }),
    'last_cycle_error': dict({
      'device_class': None,
      'entity_category': None,
      'label': 'Last Cycle Error',
      'state_class': None,
      'type': 'CyclobatSensor',
      'unit_of_measurement': None,
      'value': '0',
      'value_translated': None,
    }),
    'last_cycle_mode': dict({
      'device_class': None,
      'entity_category': None,
      'label': 'Last Cycle Mode',
      'state_class': None,
      'type': 'CyclobatSensor',
      'unit_of_measurement': None,
      'value': '1',
      'value_translated': None,
    }),
    'last_cycle_number': dict({
      'device_class': None,
      'entity_category': None,
      'label': 'Last Cycle Number',
      'state_class': None,
      'type': 'CyclobatSensor',
      'unit_of_measurement': None,
      'value': '5',
      'value_translated': None,
    }),
    'last_error_code': dict({
      'device_class': None,
      'entity_category': None,
      'label': 'Last Error Code',
      'state_class': None,
      'type': 'CyclobatSensor',
      'unit_of_measurement': None,
      'value': '0',
      'value_translated': None,
    }),
    'last_error_cycle': dict({
      'device_class': None,
      'entity_category': None,
      'label': 'Last Error Cycle',
      'state_class': None,
      'type': 'CyclobatSensor',
      'unit_of_measurement': None,
      'value': '5',
      'value_translated': None,
    }),
    'lift_pattern_time': dict({
      'device_class': None,
      'entity_category': None,
      'label': 'Lift Pattern Time',
      'state_class': None,
      'type': 'CyclobatSensor',
      'unit_of_measurement': None,
      'value': '5',
      'value_translated': None,
    }),
    'main_ctrl': dict({
      'device_class': None,
      'entity_category': None,
      'label': 'Main Ctrl',
      'state_class': None,
      'type': 'CyclobatSensor',
      'unit_of_measurement': None,
      'value': '1',
      'value_translated': None,
    }),
    'main_cycleStartTime': dict({
      'device_class': None,
      'entity_category': None,
      'label': 'Main Cyclestarttime',
      'state_class': None,
      'type': 'CyclobatSensor',
      'unit_of_measurement': None,
      'value': '1000',
      'value_translated': None,
    }),
    'main_error': dict({
      'device_class': None,
      'entity_category': None,
      'label': 'Main Error',
      'state_class': None,
      'type': 'CyclobatSensor',
      'unit_of_measurement': None,
      'value': '0',
      'value_translated': None,
    }),
    'main_mode': dict({
      'device_class': None,
      'entity_category': None,
      'label': 'Main Mode',
      'state_class': None,
      'type': 'CyclobatSensor',
      'unit_of_measurement': None,
      'value': '0',
      'value_translated': None,
    }),
    'main_state': dict({
      'device_class': None,
      'entity_category': None,
      'label': 'Main State',
      'state_class': None,
      'type': 'CyclobatSensor',
      'unit_of_measurement': None,
      'value': '1',
      'value_translated': None,
    }),
    'model_number': dict({
      'device_class': None,
      'entity_category': None,
      'label': 'Model Number',
      'state_class': None,
      'type': 'CyclobatSensor',
      'unit_of_measurement': None,
      'value': 'CV3000',
      'value_translated': None,
    }),
    'returning': dict({
      'device_class': None,
      'entity_category': 'diagnostic',
      'is_on': False,
      'label': 'Returning',
      'type': 'CyclobatBinarySensor',
    }),
    'robot': dict({
      'activity': 'cleaning',
      'battery_level': 87,
      'entity_category': None,
      'fan_speed': 'floor',
      'label': 'Robot',
      'type': 'CyclobatRobot',
    }),
    'running': dict({
      'device_class': 'running',
      'entity_category': 'diagnostic',
      'is_on': True,
      'label': 'Running',
      'type': 'CyclobatBinarySensor',
    }),
    'smart_duration': dict({
      'device_class': 'duration',
      'entity_category': None,
      'label': 'Smart Duration',
      'state_class': 'measurement',
      'type': 'CyclobatSensor',
      'unit_of_measurement': 'min',
      'value': 105,
      'value_translated': None,
    }),
    'sn': dict({
      'device_class': None,
      'entity_category': None,
      'label': 'Sn',
      'state_class': None,
      'type': 'CyclobatSensor',
      'unit_of_measurement': None,
      'value': 'SN42',
      'value_translated': None,
    }),
    'temperature': dict({
      'device_class': 'temperature',
      'entity_category': None,
      'label': 'Temperature',
      'state_class': 'measurement',
      'type': 'CyclobatSensor',
      'unit_of_measurement': '°C',
      'value': 25,
      'value_translated': None,
    }),
    'time_remaining_sec': dict({
      'device_class': 'duration',
      'entity_category': None,
      'label': 'Time Remaining Sec',
      'state_class': 'measurement',
      'type': 'CyclobatSensor',
      'unit_of_measurement': 's',
      'value': 0,
      'value_translated': None,
    }),
    'total_runtime': dict({
      'device_class': None,
      'entity_category': None,
      'label': 'Total Runtime',
      'state_class': 'total_increasing',
      'type': 'CyclobatSensor',
      'unit_of_measurement': 'min',
      'value': 1234,
      'value_translated': None,
    }),
    'vr': dict({
      'device_class': None,
      'entity_category': None,
      'label': 'Vr',
      'state_class': None,
      'type': 'CyclobatSensor',
      'unit_of_measurement': None,
      'value': '1.2.3',
      'value_translated': None,
    }),
    'waterline_duration': dict({
      'device_class': 'duration',
      'entity_category': None,
      'label': 'Waterline Duration',
      'state_class': 'measurement',
      'type': 'CyclobatSensor',
      'unit_of_measurement': 'min',
      'value': 60,
      'value_translated': None,
    }),
  })
# ---
