# serializer version: 1
# name: test_parse_status
  dict({
    'canister_full': dict({
      'device_class': 'problem',
      'entity_category': None,
      'is_on': False,
      'label': 'Canister Full',
      'type': 'I2dBinarySensor',
    }),
    'error': dict({
      'device_class': None,
      'entity_category': None,
      'label': 'Error',
      'state_class': None,
      'type': 'I2dSensor',
      'unit_of_measurement': None,
      'value': 'no_error',
      'value_translated': None,
    }),
    'error_code': dict({
      'device_class': None,
      'entity_category': 'diagnostic',
      'label': 'Error Code',
      'state_class': None,
      'type': 'I2dSensor',
      'unit_of_measurement': None,
      'value': 0,
      'value_translated': None,
    }),
    'firmware_id': dict({
      'device_class': None,
      'entity_category': 'diagnostic',
      'label': 'Firmware Id',
      'state_class': None,
      'type': 'I2dSensor',
      'unit_of_measurement': None,
      'value': '123456',
      'value_translated': None,
    }),
    'hardware_id': dict({
      'device_class': None,
      'entity_category': 'diagnostic',
      'label': 'Hardware Id',
      'state_class': None,
      'type': 'I2dSensor',
      'unit_of_measurement': None,
      'value': 'abcdef',
      'value_translated': None,
    }),
    'mode': dict({
      'device_class': None,
      'entity_category': None,
      'label': 'Mode',
      'state_class': None,
      'type': 'I2dSensor',
      'unit_of_measurement': None,
      'value': 'custom_floor_and_walls_standard',
      'value_translated': None,
    }),
    'mode_code': dict({
      'device_class': None,
      'entity_category': 'diagnostic',
      'label': 'Mode Code',
      'state_class': None,
      'type': 'I2dSensor',
      'unit_of_measurement': None,
      'value': '10',
      'value_translated': None,
    }),
    'model_number': dict({
      'device_class': None,
      'entity_category': 'diagnostic',
      'label': 'Model Number',
      'state_class': None,
      'type': 'I2dSensor',
      'unit_of_measurement': None,
      'value': 'PQR789',
      'value_translated': None,
    }),
    'robot': dict({
      'activity': 'cleaning',
      'battery_level': None,
      'entity_category': None,
      'fan_speed': None,
      'label': 'Robot',
      'type': 'I2dRobot',
    }),
    'running': dict({
      'device_class': 'running',
      'entity_category': 'diagnostic',
      'is_on': True,
      'label': 'Running',
      'type': 'I2dBinarySensor',
    }),
    'state': dict({
      'device_class': None,
      'entity_category': 'diagnostic',
      'label': 'State',
      'state_class': None,
      'type': 'I2dSensor',
      'unit_of_measurement': None,
      'value': 'actively_cleaning',
      'value_translated': None,
    }),
    'state_code': dict({
      'device_class': None,
      'entity_category': 'diagnostic',
      'label': 'State Code',
      'state_class': None,
      'type': 'I2dSensor',
      'unit_of_measurement': None,
      'value': '4',
      'value_translated': None,
    }),
    'time_remaining_min': dict({
      'device_class': 'duration',
      'entity_category': None,
      'label': 'Time Remaining Min',
      'state_class': 'measurement',
      'type': 'I2dSensor',
      'unit_of_measurement': 'min',
      'value': 30,
      'value_translated': None,
    }),
    'total_hours': dict({
      'device_class': 'duration',
      'entity_category': None,
      'label': 'Total Hours',
      'state_class': 'total_increasing',
      'type': 'I2dSensor',
      'unit_of_measurement': 'h',
      'value': 2,
      'value_translated': None,
    }),
    'uptime_minutes': dict({
      'device_class': 'duration',
      'entity_category': 'diagnostic',
      'label': 'Uptime Minutes',
      'state_class': 'measurement',
      'type': 'I2dSensor',
      'unit_of_measurement': 'min',
      'value': 1,
      'value_translated': None,
    }),
  })
# ---
