# serializer version: 1
# name: test_parse_alldata
  dict({
    'ABC123': dict({
      'custom_speed_rpm': 1500,
      'data': dict({
        'RS485fwversion': '1.0.0',
        '_rpmhwmin': '600',
        'busstatus': '0',
        'countdownperiod': '30',
        'countdownrpm': '1500',
        'countdowntimer': '0',
        'currentspan': '-1',
        'customspeedrpm': '1500',
        'customspeedtimer': '60',
        'demandvisible': '0',
        'faultvisible': '0',
        'freezeprotectenable': '1',
        'freezeprotectperiod': '30',
        'freezeprotectrpm': '1000',
        'freezeprotectsetpointc': '4',
        'freezeprotectstatus': '0',
        'fwversion': '1.5.2',
        'globalrpmmax': '3450',
        'globalrpmmin': '600',
        'horsepower': '1.65',
        'horsepowercode': '0A',
        'hotspottimer': '5',
        'localtime': '12:34',
        'motordata': dict({
          'horsepower': '1.65',
          'horsepowercode': '0A',
          'power': '180',
          'productid': '1A',
          'speed': '1500',
          'temperature': '110',
          'updateprogress': '0',
        }),
        'name': 'ABC123',
        'opmode': '0',
        'power': '180',
        'primingperiod': '3',
        'primingrpm': '3450',
        'primingtimer': '0',
        'productid': '1A',
        'quickcleanperiod': '8',
        'quickcleanrpm': '3450',
        'quickcleantimer': '0',
        'relayK1Rpm': '1500',
        'relayK2Rpm': '1200',
        'rpmtarget': '1500',
        'runstate': 'on',
        'serialnumber': 'ABC123',
        'speed': '1500',
        'temperature': '110',
        'timeoutperiod': '10',
        'timeouttimer': '0',
        'timezone': 'America/Los_Angeles',
        'updateflag': '0',
        'updateprogress': '0',
        'utctime': '1700000000',
        'wifistatus': dict({
          'ssid': 'MyNetwork',
          'state': 'connected',
        }),
      }),
      'is_on': True,
      'label': 'IQPump',
      'rpm_max': 3450,
      'rpm_min': 600,
      'state': '0',
      'state_translated': 'SCHEDULE',
      'type': 'I2dPump',
    }),
    'countdownperiod': dict({
      'current_value': 30.0,
      'data': dict({
        'RS485fwversion': '1.0.0',
        '_rpmhwmin': '600',
        'busstatus': '0',
        'countdownperiod': '30',
        'countdownrpm': '1500',
        'countdowntimer': '0',
        'currentspan': '-1',
        'customspeedrpm': '1500',
        'customspeedtimer': '60',
        'demandvisible': '0',
        'faultvisible': '0',
        'freezeprotectenable': '1',
        'freezeprotectperiod': '30',
        'freezeprotectrpm': '1000',
        'freezeprotectsetpointc': '4',
        'freezeprotectstatus': '0',
        'fwversion': '1.5.2',
        'globalrpmmax': '3450',
        'globalrpmmin': '600',
        'horsepower': '1.65',
        'horsepowercode': '0A',
        'hotspottimer': '5',
        'localtime': '12:34',
        'motordata': dict({
          'horsepower': '1.65',
          'horsepowercode': '0A',
          'power': '180',
          'productid': '1A',
          'speed': '1500',
          'temperature': '110',
          'updateprogress': '0',
        }),
        'name': 'ABC123',
        'opmode': '0',
        'power': '180',
        'primingperiod': '3',
        'primingrpm': '3450',
        'primingtimer': '0',
        'productid': '1A',
        'quickcleanperiod': '8',
        'quickcleanrpm': '3450',
        'quickcleantimer': '0',
        'relayK1Rpm': '1500',
        'relayK2Rpm': '1200',
        'rpmtarget': '1500',
        'runstate': 'on',
        'serialnumber': 'ABC123',
        'speed': '1500',
        'temperature': '110',
        'timeoutperiod': '10',
        'timeouttimer': '0',
        'timezone': 'America/Los_Angeles',
        'updateflag': '0',
        'updateprogress': '0',
        'utctime': '1700000000',
        'wifistatus': dict({
          'ssid': 'MyNetwork',
          'state': 'connected',
        }),
      }),
      'label': 'Countdown Period',
      'max_value': 86400,
      'min_value': 3600,
      'state': '30',
      'state_translated': None,
      'step': 3600,
      'type': 'I2dNumber',
      'unit': 's',
    }),
    'countdownrpm': dict({
      'current_value': 1500.0,
      'data': dict({
        'RS485fwversion': '1.0.0',
        '_rpmhwmin': '600',
        'busstatus': '0',
        'countdownperiod': '30',
        'countdownrpm': '1500',
        'countdowntimer': '0',
        'currentspan': '-1',
        'customspeedrpm': '1500',
        'customspeedtimer': '60',
        'demandvisible': '0',
        'faultvisible': '0',
        'freezeprotectenable': '1',
        'freezeprotectperiod': '30',
        'freezeprotectrpm': '1000',
        'freezeprotectsetpointc': '4',
        'freezeprotectstatus': '0',
        'fwversion': '1.5.2',
        'globalrpmmax': '3450',
        'globalrpmmin': '600',
        'horsepower': '1.65',
        'horsepowercode': '0A',
        'hotspottimer': '5',
        'localtime': '12:34',
        'motordata': dict({
          'horsepower': '1.65',
          'horsepowercode': '0A',
          'power': '180',
          'productid': '1A',
          'speed': '1500',
          'temperature': '110',
          'updateprogress': '0',
        }),
        'name': 'ABC123',
        'opmode': '0',
        'power': '180',
        'primingperiod': '3',
        'primingrpm': '3450',
        'primingtimer': '0',
        'productid': '1A',
        'quickcleanperiod': '8',
        'quickcleanrpm': '3450',
        'quickcleantimer': '0',
        'relayK1Rpm': '1500',
        'relayK2Rpm': '1200',
        'rpmtarget': '1500',
        'runstate': 'on',
        'serialnumber': 'ABC123',
        'speed': '1500',
        'temperature': '110',
        'timeoutperiod': '10',
        'timeouttimer': '0',
        'timezone': 'America/Los_Angeles',
        'updateflag': '0',
        'updateprogress': '0',
        'utctime': '1700000000',
        'wifistatus': dict({
          'ssid': 'MyNetwork',
          'state': 'connected',
        }),
      }),
      'label': 'Countdown RPM',
      'max_value': 3450.0,
      'min_value': 600.0,
      'state': '1500',
      'state_translated': None,
      'step': 25,
      'type': 'I2dNumber',
      'unit': 'RPM',
    }),
    'countdowntimer': dict({
      'data': dict({
        'RS485fwversion': '1.0.0',
        '_rpmhwmin': '600',
        'busstatus': '0',
        'countdownperiod': '30',
        'countdownrpm': '1500',
        'countdowntimer': '0',
        'currentspan': '-1',
        'customspeedrpm': '1500',
        'customspeedtimer': '60',
        'demandvisible': '0',
        'faultvisible': '0',
        'freezeprotectenable': '1',
        'freezeprotectperiod': '30',
        'freezeprotectrpm': '1000',
        'freezeprotectsetpointc': '4',
        'freezeprotectstatus': '0',
        'fwversion': '1.5.2',
        'globalrpmmax': '3450',
        'globalrpmmin': '600',
        'horsepower': '1.65',
        'horsepowercode': '0A',
        'hotspottimer': '5',
        'localtime': '12:34',
        'motordata': dict({
          'horsepower': '1.65',
          'horsepowercode': '0A',
          'power': '180',
          'productid': '1A',
          'speed': '1500',
          'temperature': '110',
          'updateprogress': '0',
        }),
        'name': 'ABC123',
        'opmode': '0',
        'power': '180',
        'primingperiod': '3',
        'primingrpm': '3450',
        'primingtimer': '0',
        'productid': '1A',
        'quickcleanperiod': '8',
        'quickcleanrpm': '3450',
        'quickcleantimer': '0',
        'relayK1Rpm': '1500',
        'relayK2Rpm': '1200',
        'rpmtarget': '1500',
        'runstate': 'on',
        'serialnumber': 'ABC123',
        'speed': '1500',
        'temperature': '110',
        'timeoutperiod': '10',
        'timeouttimer': '0',
        'timezone': 'America/Los_Angeles',
        'updateflag': '0',
        'updateprogress': '0',
        'utctime': '1700000000',
        'wifistatus': dict({
          'ssid': 'MyNetwork',
          'state': 'connected',
        }),
      }),
      'label': 'Countdown Timer',
      'state': '0',
      'state_translated': None,
      'type': 'I2dSensor',
      'unit': 's',
    }),
    'currentspan': dict({
      'data': dict({
        'RS485fwversion': '1.0.0',
        '_rpmhwmin': '600',
        'busstatus': '0',
        'countdownperiod': '30',
        'countdownrpm': '1500',
        'countdowntimer': '0',
        'currentspan': '-1',
        'customspeedrpm': '1500',
        'customspeedtimer': '60',
        'demandvisible': '0',
        'faultvisible': '0',
        'freezeprotectenable': '1',
        'freezeprotectperiod': '30',
        'freezeprotectrpm': '1000',
        'freezeprotectsetpointc': '4',
        'freezeprotectstatus': '0',
        'fwversion': '1.5.2',
        'globalrpmmax': '3450',
        'globalrpmmin': '600',
        'horsepower': '1.65',
        'horsepowercode': '0A',
        'hotspottimer': '5',
        'localtime': '12:34',
        'motordata': dict({
          'horsepower': '1.65',
          'horsepowercode': '0A',
          'power': '180',
          'productid': '1A',
          'speed': '1500',
          'temperature': '110',
          'updateprogress': '0',
        }),
        'name': 'ABC123',
        'opmode': '0',
        'power': '180',
        'primingperiod': '3',
        'primingrpm': '3450',
        'primingtimer': '0',
        'productid': '1A',
        'quickcleanperiod': '8',
        'quickcleanrpm': '3450',
        'quickcleantimer': '0',
        'relayK1Rpm': '1500',
        'relayK2Rpm': '1200',
        'rpmtarget': '1500',
        'runstate': 'on',
        'serialnumber': 'ABC123',
        'speed': '1500',
        'temperature': '110',
        'timeoutperiod': '10',
        'timeouttimer': '0',
        'timezone': 'America/Los_Angeles',
        'updateflag': '0',
        'updateprogress': '0',
        'utctime': '1700000000',
        'wifistatus': dict({
          'ssid': 'MyNetwork',
          'state': 'connected',
        }),
      }),
      'label': 'Current Schedule Span',
      'state': '-1',
      'state_translated': None,
      'type': 'I2dSensor',
      'unit': None,
    }),
    'customspeedrpm': dict({
      'current_value': 1500.0,
      'data': dict({
        'RS485fwversion': '1.0.0',
        '_rpmhwmin': '600',
        'busstatus': '0',
        'countdownperiod': '30',
        'countdownrpm': '1500',
        'countdowntimer': '0',
        'currentspan': '-1',
        'customspeedrpm': '1500',
        'customspeedtimer': '60',
        'demandvisible': '0',
        'faultvisible': '0',
        'freezeprotectenable': '1',
        'freezeprotectperiod': '30',
        'freezeprotectrpm': '1000',
        'freezeprotectsetpointc': '4',
        'freezeprotectstatus': '0',
        'fwversion': '1.5.2',
        'globalrpmmax': '3450',
        'globalrpmmin': '600',
        'horsepower': '1.65',
        'horsepowercode': '0A',
        'hotspottimer': '5',
        'localtime': '12:34',
        'motordata': dict({
          'horsepower': '1.65',
          'horsepowercode': '0A',
          'power': '180',
          'productid': '1A',
          'speed': '1500',
          'temperature': '110',
          'updateprogress': '0',
        }),
        'name': 'ABC123',
        'opmode': '0',
        'power': '180',
        'primingperiod': '3',
        'primingrpm': '3450',
        'primingtimer': '0',
        'productid': '1A',
        'quickcleanperiod': '8',
        'quickcleanrpm': '3450',
        'quickcleantimer': '0',
        'relayK1Rpm': '1500',
        'relayK2Rpm': '1200',
        'rpmtarget': '1500',
        'runstate': 'on',
        'serialnumber': 'ABC123',
        'speed': '1500',
        'temperature': '110',
        'timeoutperiod': '10',
        'timeouttimer': '0',
        'timezone': 'America/Los_Angeles',
        'updateflag': '0',
        'updateprogress': '0',
        'utctime': '1700000000',
        'wifistatus': dict({
          'ssid': 'MyNetwork',
          'state': 'connected',
        }),
      }),
      'label': 'Custom Speed RPM',
      'max_value': 3450.0,
      'min_value': 600.0,
      'state': '1500',
      'state_translated': None,
      'step': 25,
      'type': 'I2dNumber',
      'unit': 'RPM',
    }),
    'customspeedtimer': dict({
      'current_value': 60.0,
      'data': dict({
        'RS485fwversion': '1.0.0',
        '_rpmhwmin': '600',
        'busstatus': '0',
        'countdownperiod': '30',
        'countdownrpm': '1500',
        'countdowntimer': '0',
        'currentspan': '-1',
        'customspeedrpm': '1500',
        'customspeedtimer': '60',
        'demandvisible': '0',
        'faultvisible': '0',
        'freezeprotectenable': '1',
        'freezeprotectperiod': '30',
        'freezeprotectrpm': '1000',
        'freezeprotectsetpointc': '4',
        'freezeprotectstatus': '0',
        'fwversion': '1.5.2',
        'globalrpmmax': '3450',
        'globalrpmmin': '600',
        'horsepower': '1.65',
        'horsepowercode': '0A',
        'hotspottimer': '5',
        'localtime': '12:34',
        'motordata': dict({
          'horsepower': '1.65',
          'horsepowercode': '0A',
          'power': '180',
          'productid': '1A',
          'speed': '1500',
          'temperature': '110',
          'updateprogress': '0',
        }),
        'name': 'ABC123',
        'opmode': '0',
        'power': '180',
        'primingperiod': '3',
        'primingrpm': '3450',
        'primingtimer': '0',
        'productid': '1A',
        'quickcleanperiod': '8',
        'quickcleanrpm': '3450',
        'quickcleantimer': '0',
        'relayK1Rpm': '1500',
        'relayK2Rpm': '1200',
        'rpmtarget': '1500',
        'runstate': 'on',
        'serialnumber': 'ABC123',
        'speed': '1500',
        'temperature': '110',
        'timeoutperiod': '10',
        'timeouttimer': '0',
        'timezone': 'America/Los_Angeles',
        'updateflag': '0',
        'updateprogress': '0',
        'utctime': '1700000000',
        'wifistatus': dict({
          'ssid': 'MyNetwork',
          'state': 'connected',
        }),
      }),
      'label': 'Custom Speed Timer',
      'max_value': 3600,
      'min_value': 300,
      'state': '60',
      'state_translated': None,
      'step': 300,
      'type': 'I2dNumber',
      'unit': 's',
    }),
    'freezeprotectenable': dict({
      'data': dict({
        'RS485fwversion': '1.0.0',
        '_rpmhwmin': '600',
        'busstatus': '0',
        'countdownperiod': '30',
        'countdownrpm': '1500',
        'countdowntimer': '0',
        'currentspan': '-1',
        'customspeedrpm': '1500',
        'customspeedtimer': '60',
        'demandvisible': '0',
        'faultvisible': '0',
        'freezeprotectenable': '1',
        'freezeprotectperiod': '30',
        'freezeprotectrpm': '1000',
        'freezeprotectsetpointc': '4',
        'freezeprotectstatus': '0',
        'fwversion': '1.5.2',
        'globalrpmmax': '3450',
        'globalrpmmin': '600',
        'horsepower': '1.65',
        'horsepowercode': '0A',
        'hotspottimer': '5',
        'localtime': '12:34',
        'motordata': dict({
          'horsepower': '1.65',
          'horsepowercode': '0A',
          'power': '180',
          'productid': '1A',
          'speed': '1500',
          'temperature': '110',
          'updateprogress': '0',
        }),
        'name': 'ABC123',
        'opmode': '0',
        'power': '180',
        'primingperiod': '3',
        'primingrpm': '3450',
        'primingtimer': '0',
        'productid': '1A',
        'quickcleanperiod': '8',
        'quickcleanrpm': '3450',
        'quickcleantimer': '0',
        'relayK1Rpm': '1500',
        'relayK2Rpm': '1200',
        'rpmtarget': '1500',
        'runstate': 'on',
        'serialnumber': 'ABC123',
        'speed': '1500',
        'temperature': '110',
        'timeoutperiod': '10',
        'timeouttimer': '0',
        'timezone': 'America/Los_Angeles',
        'updateflag': '0',
        'updateprogress': '0',
        'utctime': '1700000000',
        'wifistatus': dict({
          'ssid': 'MyNetwork',
          'state': 'connected',
        }),
      }),
      'is_on': True,
      'label': 'Freeze Protection',
      'state': 'on',
      'state_translated': None,
      'type': 'I2dSwitch',
    }),
    'freezeprotectperiod': dict({
      'current_value': 30.0,
      'data': dict({
        'RS485fwversion': '1.0.0',
        '_rpmhwmin': '600',
        'busstatus': '0',
        'countdownperiod': '30',
        'countdownrpm': '1500',
        'countdowntimer': '0',
        'currentspan': '-1',
        'customspeedrpm': '1500',
        'customspeedtimer': '60',
        'demandvisible': '0',
        'faultvisible': '0',
        'freezeprotectenable': '1',
        'freezeprotectperiod': '30',
        'freezeprotectrpm': '1000',
        'freezeprotectsetpointc': '4',
        'freezeprotectstatus': '0',
        'fwversion': '1.5.2',
        'globalrpmmax': '3450',
        'globalrpmmin': '600',
        'horsepower': '1.65',
        'horsepowercode': '0A',
        'hotspottimer': '5',
        'localtime': '12:34',
        'motordata': dict({
          'horsepower': '1.65',
          'horsepowercode': '0A',
          'power': '180',
          'productid': '1A',
          'speed': '1500',
          'temperature': '110',
          'updateprogress': '0',
        }),
        'name': 'ABC123',
        'opmode': '0',
        'power': '180',
        'primingperiod': '3',
        'primingrpm': '3450',
        'primingtimer': '0',
        'productid': '1A',
        'quickcleanperiod': '8',
        'quickcleanrpm': '3450',
        'quickcleantimer': '0',
        'relayK1Rpm': '1500',
        'relayK2Rpm': '1200',
        'rpmtarget': '1500',
        'runstate': 'on',
        'serialnumber': 'ABC123',
        'speed': '1500',
        'temperature': '110',
        'timeoutperiod': '10',
        'timeouttimer': '0',
        'timezone': 'America/Los_Angeles',
        'updateflag': '0',
        'updateprogress': '0',
        'utctime': '1700000000',
        'wifistatus': dict({
          'ssid': 'MyNetwork',
          'state': 'connected',
        }),
      }),
      'label': 'Freeze Protect Period',
      'max_value': 28800,
      'min_value': 0,
      'state': '30',
      'state_translated': None,
      'step': 1800,
      'type': 'I2dNumber',
      'unit': 's',
    }),
    'freezeprotectrpm': dict({
      'current_value': 1000.0,
      'data': dict({
        'RS485fwversion': '1.0.0',
        '_rpmhwmin': '600',
        'busstatus': '0',
        'countdownperiod': '30',
        'countdownrpm': '1500',
        'countdowntimer': '0',
        'currentspan': '-1',
        'customspeedrpm': '1500',
        'customspeedtimer': '60',
        'demandvisible': '0',
        'faultvisible': '0',
        'freezeprotectenable': '1',
        'freezeprotectperiod': '30',
        'freezeprotectrpm': '1000',
        'freezeprotectsetpointc': '4',
        'freezeprotectstatus': '0',
        'fwversion': '1.5.2',
        'globalrpmmax': '3450',
        'globalrpmmin': '600',
        'horsepower': '1.65',
        'horsepowercode': '0A',
        'hotspottimer': '5',
        'localtime': '12:34',
        'motordata': dict({
          'horsepower': '1.65',
          'horsepowercode': '0A',
          'power': '180',
          'productid': '1A',
          'speed': '1500',
          'temperature': '110',
          'updateprogress': '0',
        }),
        'name': 'ABC123',
        'opmode': '0',
        'power': '180',
        'primingperiod': '3',
        'primingrpm': '3450',
        'primingtimer': '0',
        'productid': '1A',
        'quickcleanperiod': '8',
        'quickcleanrpm': '3450',
        'quickcleantimer': '0',
        'relayK1Rpm': '1500',
        'relayK2Rpm': '1200',
        'rpmtarget': '1500',
        'runstate': 'on',
        'serialnumber': 'ABC123',
        'speed': '1500',
        'temperature': '110',
        'timeoutperiod': '10',
        'timeouttimer': '0',
        'timezone': 'America/Los_Angeles',
        'updateflag': '0',
        'updateprogress': '0',
        'utctime': '1700000000',
        'wifistatus': dict({
          'ssid': 'MyNetwork',
          'state': 'connected',
        }),
      }),
      'label': 'Freeze Protect RPM',
      'max_value': 3450.0,
      'min_value': 600.0,
      'state': '1000',
      'state_translated': None,
      'step': 25,
      'type': 'I2dNumber',
      'unit': 'RPM',
    }),
    'freezeprotectsetpointc': dict({
      'current_value': 4.0,
      'data': dict({
        'RS485fwversion': '1.0.0',
        '_rpmhwmin': '600',
        'busstatus': '0',
        'countdownperiod': '30',
        'countdownrpm': '1500',
        'countdowntimer': '0',
        'currentspan': '-1',
        'customspeedrpm': '1500',
        'customspeedtimer': '60',
        'demandvisible': '0',
        'faultvisible': '0',
        'freezeprotectenable': '1',
        'freezeprotectperiod': '30',
        'freezeprotectrpm': '1000',
        'freezeprotectsetpointc': '4',
        'freezeprotectstatus': '0',
        'fwversion': '1.5.2',
        'globalrpmmax': '3450',
        'globalrpmmin': '600',
        'horsepower': '1.65',
        'horsepowercode': '0A',
        'hotspottimer': '5',
        'localtime': '12:34',
        'motordata': dict({
          'horsepower': '1.65',
          'horsepowercode': '0A',
          'power': '180',
          'productid': '1A',
          'speed': '1500',
          'temperature': '110',
          'updateprogress': '0',
        }),
        'name': 'ABC123',
        'opmode': '0',
        'power': '180',
        'primingperiod': '3',
        'primingrpm': '3450',
        'primingtimer': '0',
        'productid': '1A',
        'quickcleanperiod': '8',
        'quickcleanrpm': '3450',
        'quickcleantimer': '0',
        'relayK1Rpm': '1500',
        'relayK2Rpm': '1200',
        'rpmtarget': '1500',
        'runstate': 'on',
        'serialnumber': 'ABC123',
        'speed': '1500',
        'temperature': '110',
        'timeoutperiod': '10',
        'timeouttimer': '0',
        'timezone': 'America/Los_Angeles',
        'updateflag': '0',
        'updateprogress': '0',
        'utctime': '1700000000',
        'wifistatus': dict({
          'ssid': 'MyNetwork',
          'state': 'connected',
        }),
      }),
      'label': 'Freeze Protect Setpoint',
      'max_value': 7,
      'min_value': 3,
      'state': '4',
      'state_translated': None,
      'step': 1.0,
      'type': 'I2dNumber',
      'unit': '°C',
    }),
    'freezeprotectstatus': dict({
      'data': dict({
        'RS485fwversion': '1.0.0',
        '_rpmhwmin': '600',
        'busstatus': '0',
        'countdownperiod': '30',
        'countdownrpm': '1500',
        'countdowntimer': '0',
        'currentspan': '-1',
        'customspeedrpm': '1500',
        'customspeedtimer': '60',
        'demandvisible': '0',
        'faultvisible': '0',
        'freezeprotectenable': '1',
        'freezeprotectperiod': '30',
        'freezeprotectrpm': '1000',
        'freezeprotectsetpointc': '4',
        'freezeprotectstatus': '0',
        'fwversion': '1.5.2',
        'globalrpmmax': '3450',
        'globalrpmmin': '600',
        'horsepower': '1.65',
        'horsepowercode': '0A',
        'hotspottimer': '5',
        'localtime': '12:34',
        'motordata': dict({
          'horsepower': '1.65',
          'horsepowercode': '0A',
          'power': '180',
          'productid': '1A',
          'speed': '1500',
          'temperature': '110',
          'updateprogress': '0',
        }),
        'name': 'ABC123',
        'opmode': '0',
        'power': '180',
        'primingperiod': '3',
        'primingrpm': '3450',
        'primingtimer': '0',
        'productid': '1A',
        'quickcleanperiod': '8',
        'quickcleanrpm': '3450',
        'quickcleantimer': '0',
        'relayK1Rpm': '1500',
        'relayK2Rpm': '1200',
        'rpmtarget': '1500',
        'runstate': 'on',
        'serialnumber': 'ABC123',
        'speed': '1500',
        'temperature': '110',
        'timeoutperiod': '10',
        'timeouttimer': '0',
        'timezone': 'America/Los_Angeles',
        'updateflag': '0',
        'updateprogress': '0',
        'utctime': '1700000000',
        'wifistatus': dict({
          'ssid': 'MyNetwork',
          'state': 'connected',
        }),
      }),
      'is_on': False,
      'label': 'Freeze Protect Status',
      'state': 'off',
      'state_translated': None,
      'type': 'I2dBinarySensor',
    }),
    'fwversion': dict({
      'data': dict({
        'RS485fwversion': '1.0.0',
        '_rpmhwmin': '600',
        'busstatus': '0',
        'countdownperiod': '30',
        'countdownrpm': '1500',
        'countdowntimer': '0',
        'currentspan': '-1',
        'customspeedrpm': '1500',
        'customspeedtimer': '60',
        'demandvisible': '0',
        'faultvisible': '0',
        'freezeprotectenable': '1',
        'freezeprotectperiod': '30',
        'freezeprotectrpm': '1000',
        'freezeprotectsetpointc': '4',
        'freezeprotectstatus': '0',
        'fwversion': '1.5.2',
        'globalrpmmax': '3450',
        'globalrpmmin': '600',
        'horsepower': '1.65',
        'horsepowercode': '0A',
        'hotspottimer': '5',
        'localtime': '12:34',
        'motordata': dict({
          'horsepower': '1.65',
          'horsepowercode': '0A',
          'power': '180',
          'productid': '1A',
          'speed': '1500',
          'temperature': '110',
          'updateprogress': '0',
        }),
        'name': 'ABC123',
        'opmode': '0',
        'power': '180',
        'primingperiod': '3',
        'primingrpm': '3450',
        'primingtimer': '0',
        'productid': '1A',
        'quickcleanperiod': '8',
        'quickcleanrpm': '3450',
        'quickcleantimer': '0',
        'relayK1Rpm': '1500',
        'relayK2Rpm': '1200',
        'rpmtarget': '1500',
        'runstate': 'on',
        'serialnumber': 'ABC123',
        'speed': '1500',
        'temperature': '110',
        'timeoutperiod': '10',
        'timeouttimer': '0',
        'timezone': 'America/Los_Angeles',
        'updateflag': '0',
        'updateprogress': '0',
        'utctime': '1700000000',
        'wifistatus': dict({
          'ssid': 'MyNetwork',
          'state': 'connected',
        }),
      }),
      'label': 'Firmware Version',
      'state': '1.5.2',
      'state_translated': None,
      'type': 'I2dSensor',
      'unit': None,
    }),
    'globalrpmmax': dict({
      'current_value': 3450.0,
      'data': dict({
        'RS485fwversion': '1.0.0',
        '_rpmhwmin': '600',
        'busstatus': '0',
        'countdownperiod': '30',
        'countdownrpm': '1500',
        'countdowntimer': '0',
        'currentspan': '-1',
        'customspeedrpm': '1500',
        'customspeedtimer': '60',
        'demandvisible': '0',
        'faultvisible': '0',
        'freezeprotectenable': '1',
        'freezeprotectperiod': '30',
        'freezeprotectrpm': '1000',
        'freezeprotectsetpointc': '4',
        'freezeprotectstatus': '0',
        'fwversion': '1.5.2',
        'globalrpmmax': '3450',
        'globalrpmmin': '600',
        'horsepower': '1.65',
        'horsepowercode': '0A',
        'hotspottimer': '5',
        'localtime': '12:34',
        'motordata': dict({
          'horsepower': '1.65',
          'horsepowercode': '0A',
          'power': '180',
          'productid': '1A',
          'speed': '1500',
          'temperature': '110',
          'updateprogress': '0',
        }),
        'name': 'ABC123',
        'opmode': '0',
        'power': '180',
        'primingperiod': '3',
        'primingrpm': '3450',
        'primingtimer': '0',
        'productid': '1A',
        'quickcleanperiod': '8',
        'quickcleanrpm': '3450',
        'quickcleantimer': '0',
        'relayK1Rpm': '1500',
        'relayK2Rpm': '1200',
        'rpmtarget': '1500',
        'runstate': 'on',
        'serialnumber': 'ABC123',
        'speed': '1500',
        'temperature': '110',
        'timeoutperiod': '10',
        'timeouttimer': '0',
        'timezone': 'America/Los_Angeles',
        'updateflag': '0',
        'updateprogress': '0',
        'utctime': '1700000000',
        'wifistatus': dict({
          'ssid': 'MyNetwork',
          'state': 'connected',
        }),
      }),
      'label': 'Global RPM Max',
      'max_value': 3450,
      'min_value': 600.0,
      'state': '3450',
      'state_translated': None,
      'step': 25,
      'type': 'I2dNumber',
      'unit': 'RPM',
    }),
    'globalrpmmin': dict({
      'current_value': 600.0,
      'data': dict({
        'RS485fwversion': '1.0.0',
        '_rpmhwmin': '600',
        'busstatus': '0',
        'countdownperiod': '30',
        'countdownrpm': '1500',
        'countdowntimer': '0',
        'currentspan': '-1',
        'customspeedrpm': '1500',
        'customspeedtimer': '60',
        'demandvisible': '0',
        'faultvisible': '0',
        'freezeprotectenable': '1',
        'freezeprotectperiod': '30',
        'freezeprotectrpm': '1000',
        'freezeprotectsetpointc': '4',
        'freezeprotectstatus': '0',
        'fwversion': '1.5.2',
        'globalrpmmax': '3450',
        'globalrpmmin': '600',
        'horsepower': '1.65',
        'horsepowercode': '0A',
        'hotspottimer': '5',
        'localtime': '12:34',
        'motordata': dict({
          'horsepower': '1.65',
          'horsepowercode': '0A',
          'power': '180',
          'productid': '1A',
          'speed': '1500',
          'temperature': '110',
          'updateprogress': '0',
        }),
        'name': 'ABC123',
        'opmode': '0',
        'power': '180',
        'primingperiod': '3',
        'primingrpm': '3450',
        'primingtimer': '0',
        'productid': '1A',
        'quickcleanperiod': '8',
        'quickcleanrpm': '3450',
        'quickcleantimer': '0',
        'relayK1Rpm': '1500',
        'relayK2Rpm': '1200',
        'rpmtarget': '1500',
        'runstate': 'on',
        'serialnumber': 'ABC123',
        'speed': '1500',
        'temperature': '110',
        'timeoutperiod': '10',
        'timeouttimer': '0',
        'timezone': 'America/Los_Angeles',
        'updateflag': '0',
        'updateprogress': '0',
        'utctime': '1700000000',
        'wifistatus': dict({
          'ssid': 'MyNetwork',
          'state': 'connected',
        }),
      }),
      'label': 'Global RPM Min',
      'max_value': 3450.0,
      'min_value': 600.0,
      'state': '600',
      'state_translated': None,
      'step': 25,
      'type': 'I2dNumber',
      'unit': 'RPM',
    }),
    'horsepower': dict({
      'data': dict({
        'RS485fwversion': '1.0.0',
        '_rpmhwmin': '600',
        'busstatus': '0',
        'countdownperiod': '30',
        'countdownrpm': '1500',
        'countdowntimer': '0',
        'currentspan': '-1',
        'customspeedrpm': '1500',
        'customspeedtimer': '60',
        'demandvisible': '0',
        'faultvisible': '0',
        'freezeprotectenable': '1',
        'freezeprotectperiod': '30',
        'freezeprotectrpm': '1000',
        'freezeprotectsetpointc': '4',
        'freezeprotectstatus': '0',
        'fwversion': '1.5.2',
        'globalrpmmax': '3450',
        'globalrpmmin': '600',
        'horsepower': '1.65',
        'horsepowercode': '0A',
        'hotspottimer': '5',
        'localtime': '12:34',
        'motordata': dict({
          'horsepower': '1.65',
          'horsepowercode': '0A',
          'power': '180',
          'productid': '1A',
          'speed': '1500',
          'temperature': '110',
          'updateprogress': '0',
        }),
        'name': 'ABC123',
        'opmode': '0',
        'power': '180',
        'primingperiod': '3',
        'primingrpm': '3450',
        'primingtimer': '0',
        'productid': '1A',
        'quickcleanperiod': '8',
        'quickcleanrpm': '3450',
        'quickcleantimer': '0',
        'relayK1Rpm': '1500',
        'relayK2Rpm': '1200',
        'rpmtarget': '1500',
        'runstate': 'on',
        'serialnumber': 'ABC123',
        'speed': '1500',
        'temperature': '110',
        'timeoutperiod': '10',
        'timeouttimer': '0',
        'timezone': 'America/Los_Angeles',
        'updateflag': '0',
        'updateprogress': '0',
        'utctime': '1700000000',
        'wifistatus': dict({
          'ssid': 'MyNetwork',
          'state': 'connected',
        }),
      }),
      'label': 'Horsepower',
      'state': '1.65',
      'state_translated': None,
      'type': 'I2dSensor',
      'unit': 'HP',
    }),
    'power': dict({
      'data': dict({
        'RS485fwversion': '1.0.0',
        '_rpmhwmin': '600',
        'busstatus': '0',
        'countdownperiod': '30',
        'countdownrpm': '1500',
        'countdowntimer': '0',
        'currentspan': '-1',
        'customspeedrpm': '1500',
        'customspeedtimer': '60',
        'demandvisible': '0',
        'faultvisible': '0',
        'freezeprotectenable': '1',
        'freezeprotectperiod': '30',
        'freezeprotectrpm': '1000',
        'freezeprotectsetpointc': '4',
        'freezeprotectstatus': '0',
        'fwversion': '1.5.2',
        'globalrpmmax': '3450',
        'globalrpmmin': '600',
        'horsepower': '1.65',
        'horsepowercode': '0A',
        'hotspottimer': '5',
        'localtime': '12:34',
        'motordata': dict({
          'horsepower': '1.65',
          'horsepowercode': '0A',
          'power': '180',
          'productid': '1A',
          'speed': '1500',
          'temperature': '110',
          'updateprogress': '0',
        }),
        'name': 'ABC123',
        'opmode': '0',
        'power': '180',
        'primingperiod': '3',
        'primingrpm': '3450',
        'primingtimer': '0',
        'productid': '1A',
        'quickcleanperiod': '8',
        'quickcleanrpm': '3450',
        'quickcleantimer': '0',
        'relayK1Rpm': '1500',
        'relayK2Rpm': '1200',
        'rpmtarget': '1500',
        'runstate': 'on',
        'serialnumber': 'ABC123',
        'speed': '1500',
        'temperature': '110',
        'timeoutperiod': '10',
        'timeouttimer': '0',
        'timezone': 'America/Los_Angeles',
        'updateflag': '0',
        'updateprogress': '0',
        'utctime': '1700000000',
        'wifistatus': dict({
          'ssid': 'MyNetwork',
          'state': 'connected',
        }),
      }),
      'label': 'Motor Power',
      'state': '180',
      'state_translated': None,
      'type': 'I2dSensor',
      'unit': 'W',
    }),
    'primingperiod': dict({
      'current_value': 3.0,
      'data': dict({
        'RS485fwversion': '1.0.0',
        '_rpmhwmin': '600',
        'busstatus': '0',
        'countdownperiod': '30',
        'countdownrpm': '1500',
        'countdowntimer': '0',
        'currentspan': '-1',
        'customspeedrpm': '1500',
        'customspeedtimer': '60',
        'demandvisible': '0',
        'faultvisible': '0',
        'freezeprotectenable': '1',
        'freezeprotectperiod': '30',
        'freezeprotectrpm': '1000',
        'freezeprotectsetpointc': '4',
        'freezeprotectstatus': '0',
        'fwversion': '1.5.2',
        'globalrpmmax': '3450',
        'globalrpmmin': '600',
        'horsepower': '1.65',
        'horsepowercode': '0A',
        'hotspottimer': '5',
        'localtime': '12:34',
        'motordata': dict({
          'horsepower': '1.65',
          'horsepowercode': '0A',
          'power': '180',
          'productid': '1A',
          'speed': '1500',
          'temperature': '110',
          'updateprogress': '0',
        }),
        'name': 'ABC123',
        'opmode': '0',
        'power': '180',
        'primingperiod': '3',
        'primingrpm': '3450',
        'primingtimer': '0',
        'productid': '1A',
        'quickcleanperiod': '8',
        'quickcleanrpm': '3450',
        'quickcleantimer': '0',
        'relayK1Rpm': '1500',
        'relayK2Rpm': '1200',
        'rpmtarget': '1500',
        'runstate': 'on',
        'serialnumber': 'ABC123',
        'speed': '1500',
        'temperature': '110',
        'timeoutperiod': '10',
        'timeouttimer': '0',
        'timezone': 'America/Los_Angeles',
        'updateflag': '0',
        'updateprogress': '0',
        'utctime': '1700000000',
        'wifistatus': dict({
          'ssid': 'MyNetwork',
          'state': 'connected',
        }),
      }),
      'label': 'Priming Period',
      'max_value': 300,
      'min_value': 0,
      'state': '3',
      'state_translated': None,
      'step': 60,
      'type': 'I2dNumber',
      'unit': 's',
    }),
    'primingrpm': dict({
      'current_value': 3450.0,
      'data': dict({
        'RS485fwversion': '1.0.0',
        '_rpmhwmin': '600',
        'busstatus': '0',
        'countdownperiod': '30',
        'countdownrpm': '1500',
        'countdowntimer': '0',
        'currentspan': '-1',
        'customspeedrpm': '1500',
        'customspeedtimer': '60',
        'demandvisible': '0',
        'faultvisible': '0',
        'freezeprotectenable': '1',
        'freezeprotectperiod': '30',
        'freezeprotectrpm': '1000',
        'freezeprotectsetpointc': '4',
        'freezeprotectstatus': '0',
        'fwversion': '1.5.2',
        'globalrpmmax': '3450',
        'globalrpmmin': '600',
        'horsepower': '1.65',
        'horsepowercode': '0A',
        'hotspottimer': '5',
        'localtime': '12:34',
        'motordata': dict({
          'horsepower': '1.65',
          'horsepowercode': '0A',
          'power': '180',
          'productid': '1A',
          'speed': '1500',
          'temperature': '110',
          'updateprogress': '0',
        }),
        'name': 'ABC123',
        'opmode': '0',
        'power': '180',
        'primingperiod': '3',
        'primingrpm': '3450',
        'primingtimer': '0',
        'productid': '1A',
        'quickcleanperiod': '8',
        'quickcleanrpm': '3450',
        'quickcleantimer': '0',
        'relayK1Rpm': '1500',
        'relayK2Rpm': '1200',
        'rpmtarget': '1500',
        'runstate': 'on',
        'serialnumber': 'ABC123',
        'speed': '1500',
        'temperature': '110',
        'timeoutperiod': '10',
        'timeouttimer': '0',
        'timezone': 'America/Los_Angeles',
        'updateflag': '0',
        'updateprogress': '0',
        'utctime': '1700000000',
        'wifistatus': dict({
          'ssid': 'MyNetwork',
          'state': 'connected',
        }),
      }),
      'label': 'Priming RPM',
      'max_value': 3450.0,
      'min_value': 600.0,
      'state': '3450',
      'state_translated': None,
      'step': 25,
      'type': 'I2dNumber',
      'unit': 'RPM',
    }),
    'primingtimer': dict({
      'data': dict({
        'RS485fwversion': '1.0.0',
        '_rpmhwmin': '600',
        'busstatus': '0',
        'countdownperiod': '30',
        'countdownrpm': '1500',
        'countdowntimer': '0',
        'currentspan': '-1',
        'customspeedrpm': '1500',
        'customspeedtimer': '60',
        'demandvisible': '0',
        'faultvisible': '0',
        'freezeprotectenable': '1',
        'freezeprotectperiod': '30',
        'freezeprotectrpm': '1000',
        'freezeprotectsetpointc': '4',
        'freezeprotectstatus': '0',
        'fwversion': '1.5.2',
        'globalrpmmax': '3450',
        'globalrpmmin': '600',
        'horsepower': '1.65',
        'horsepowercode': '0A',
        'hotspottimer': '5',
        'localtime': '12:34',
        'motordata': dict({
          'horsepower': '1.65',
          'horsepowercode': '0A',
          'power': '180',
          'productid': '1A',
          'speed': '1500',
          'temperature': '110',
          'updateprogress': '0',
        }),
        'name': 'ABC123',
        'opmode': '0',
        'power': '180',
        'primingperiod': '3',
        'primingrpm': '3450',
        'primingtimer': '0',
        'productid': '1A',
        'quickcleanperiod': '8',
        'quickcleanrpm': '3450',
        'quickcleantimer': '0',
        'relayK1Rpm': '1500',
        'relayK2Rpm': '1200',
        'rpmtarget': '1500',
        'runstate': 'on',
        'serialnumber': 'ABC123',
        'speed': '1500',
        'temperature': '110',
        'timeoutperiod': '10',
        'timeouttimer': '0',
        'timezone': 'America/Los_Angeles',
        'updateflag': '0',
        'updateprogress': '0',
        'utctime': '1700000000',
        'wifistatus': dict({
          'ssid': 'MyNetwork',
          'state': 'connected',
        }),
      }),
      'label': 'Priming Timer',
      'state': '0',
      'state_translated': None,
      'type': 'I2dSensor',
      'unit': 's',
    }),
    'quickcleanperiod': dict({
      'current_value': 8.0,
      'data': dict({
        'RS485fwversion': '1.0.0',
        '_rpmhwmin': '600',
        'busstatus': '0',
        'countdownperiod': '30',
        'countdownrpm': '1500',
        'countdowntimer': '0',
        'currentspan': '-1',
        'customspeedrpm': '1500',
        'customspeedtimer': '60',
        'demandvisible': '0',
        'faultvisible': '0',
        'freezeprotectenable': '1',
        'freezeprotectperiod': '30',
        'freezeprotectrpm': '1000',
        'freezeprotectsetpointc': '4',
        'freezeprotectstatus': '0',
        'fwversion': '1.5.2',
        'globalrpmmax': '3450',
        'globalrpmmin': '600',
        'horsepower': '1.65',
        'horsepowercode': '0A',
        'hotspottimer': '5',
        'localtime': '12:34',
        'motordata': dict({
          'horsepower': '1.65',
          'horsepowercode': '0A',
          'power': '180',
          'productid': '1A',
          'speed': '1500',
          'temperature': '110',
          'updateprogress': '0',
        }),
        'name': 'ABC123',
        'opmode': '0',
        'power': '180',
        'primingperiod': '3',
        'primingrpm': '3450',
        'primingtimer': '0',
        'productid': '1A',
        'quickcleanperiod': '8',
        'quickcleanrpm': '3450',
        'quickcleantimer': '0',
        'relayK1Rpm': '1500',
        'relayK2Rpm': '1200',
        'rpmtarget': '1500',
        'runstate': 'on',
        'serialnumber': 'ABC123',
        'speed': '1500',
        'temperature': '110',
        'timeoutperiod': '10',
        'timeouttimer': '0',
        'timezone': 'America/Los_Angeles',
        'updateflag': '0',
        'updateprogress': '0',
        'utctime': '1700000000',
        'wifistatus': dict({
          'ssid': 'MyNetwork',
          'state': 'connected',
        }),
      }),
      'label': 'Quick Clean Period',
      'max_value': 3600,
      'min_value': 300,
      'state': '8',
      'state_translated': None,
      'step': 300,
      'type': 'I2dNumber',
      'unit': 's',
    }),
    'quickcleanrpm': dict({
      'current_value': 3450.0,
      'data': dict({
        'RS485fwversion': '1.0.0',
        '_rpmhwmin': '600',
        'busstatus': '0',
        'countdownperiod': '30',
        'countdownrpm': '1500',
        'countdowntimer': '0',
        'currentspan': '-1',
        'customspeedrpm': '1500',
        'customspeedtimer': '60',
        'demandvisible': '0',
        'faultvisible': '0',
        'freezeprotectenable': '1',
        'freezeprotectperiod': '30',
        'freezeprotectrpm': '1000',
        'freezeprotectsetpointc': '4',
        'freezeprotectstatus': '0',
        'fwversion': '1.5.2',
        'globalrpmmax': '3450',
        'globalrpmmin': '600',
        'horsepower': '1.65',
        'horsepowercode': '0A',
        'hotspottimer': '5',
        'localtime': '12:34',
        'motordata': dict({
          'horsepower': '1.65',
          'horsepowercode': '0A',
          'power': '180',
          'productid': '1A',
          'speed': '1500',
          'temperature': '110',
          'updateprogress': '0',
        }),
        'name': 'ABC123',
        'opmode': '0',
        'power': '180',
        'primingperiod': '3',
        'primingrpm': '3450',
        'primingtimer': '0',
        'productid': '1A',
        'quickcleanperiod': '8',
        'quickcleanrpm': '3450',
        'quickcleantimer': '0',
        'relayK1Rpm': '1500',
        'relayK2Rpm': '1200',
        'rpmtarget': '1500',
        'runstate': 'on',
        'serialnumber': 'ABC123',
        'speed': '1500',
        'temperature': '110',
        'timeoutperiod': '10',
        'timeouttimer': '0',
        'timezone': 'America/Los_Angeles',
        'updateflag': '0',
        'updateprogress': '0',
        'utctime': '1700000000',
        'wifistatus': dict({
          'ssid': 'MyNetwork',
          'state': 'connected',
        }),
      }),
      'label': 'Quick Clean RPM',
      'max_value': 3450.0,
      'min_value': 600.0,
      'state': '3450',
      'state_translated': None,
      'step': 25,
      'type': 'I2dNumber',
      'unit': 'RPM',
    }),
    'quickcleantimer': dict({
      'data': dict({
        'RS485fwversion': '1.0.0',
        '_rpmhwmin': '600',
        'busstatus': '0',
        'countdownperiod': '30',
        'countdownrpm': '1500',
        'countdowntimer': '0',
        'currentspan': '-1',
        'customspeedrpm': '1500',
        'customspeedtimer': '60',
        'demandvisible': '0',
        'faultvisible': '0',
        'freezeprotectenable': '1',
        'freezeprotectperiod': '30',
        'freezeprotectrpm': '1000',
        'freezeprotectsetpointc': '4',
        'freezeprotectstatus': '0',
        'fwversion': '1.5.2',
        'globalrpmmax': '3450',
        'globalrpmmin': '600',
        'horsepower': '1.65',
        'horsepowercode': '0A',
        'hotspottimer': '5',
        'localtime': '12:34',
        'motordata': dict({
          'horsepower': '1.65',
          'horsepowercode': '0A',
          'power': '180',
          'productid': '1A',
          'speed': '1500',
          'temperature': '110',
          'updateprogress': '0',
        }),
        'name': 'ABC123',
        'opmode': '0',
        'power': '180',
        'primingperiod': '3',
        'primingrpm': '3450',
        'primingtimer': '0',
        'productid': '1A',
        'quickcleanperiod': '8',
        'quickcleanrpm': '3450',
        'quickcleantimer': '0',
        'relayK1Rpm': '1500',
        'relayK2Rpm': '1200',
        'rpmtarget': '1500',
        'runstate': 'on',
        'serialnumber': 'ABC123',
        'speed': '1500',
        'temperature': '110',
        'timeoutperiod': '10',
        'timeouttimer': '0',
        'timezone': 'America/Los_Angeles',
        'updateflag': '0',
        'updateprogress': '0',
        'utctime': '1700000000',
        'wifistatus': dict({
          'ssid': 'MyNetwork',
          'state': 'connected',
        }),
      }),
      'label': 'Quick Clean Timer',
      'state': '0',
      'state_translated': None,
      'type': 'I2dSensor',
      'unit': 's',
    }),
    'relayK1Rpm': dict({
      'current_value': 1500.0,
      'data': dict({
        'RS485fwversion': '1.0.0',
        '_rpmhwmin': '600',
        'busstatus': '0',
        'countdownperiod': '30',
        'countdownrpm': '1500',
        'countdowntimer': '0',
        'currentspan': '-1',
        'customspeedrpm': '1500',
        'customspeedtimer': '60',
        'demandvisible': '0',
        'faultvisible': '0',
        'freezeprotectenable': '1',
        'freezeprotectperiod': '30',
        'freezeprotectrpm': '1000',
        'freezeprotectsetpointc': '4',
        'freezeprotectstatus': '0',
        'fwversion': '1.5.2',
        'globalrpmmax': '3450',
        'globalrpmmin': '600',
        'horsepower': '1.65',
        'horsepowercode': '0A',
        'hotspottimer': '5',
        'localtime': '12:34',
        'motordata': dict({
          'horsepower': '1.65',
          'horsepowercode': '0A',
          'power': '180',
          'productid': '1A',
          'speed': '1500',
          'temperature': '110',
          'updateprogress': '0',
        }),
        'name': 'ABC123',
        'opmode': '0',
        'power': '180',
        'primingperiod': '3',
        'primingrpm': '3450',
        'primingtimer': '0',
        'productid': '1A',
        'quickcleanperiod': '8',
        'quickcleanrpm': '3450',
        'quickcleantimer': '0',
        'relayK1Rpm': '1500',
        'relayK2Rpm': '1200',
        'rpmtarget': '1500',
        'runstate': 'on',
        'serialnumber': 'ABC123',
        'speed': '1500',
        'temperature': '110',
        'timeoutperiod': '10',
        'timeouttimer': '0',
        'timezone': 'America/Los_Angeles',
        'updateflag': '0',
        'updateprogress': '0',
        'utctime': '1700000000',
        'wifistatus': dict({
          'ssid': 'MyNetwork',
          'state': 'connected',
        }),
      }),
      'label': 'Auxiliary Relay K1 RPM',
      'max_value': 3450.0,
      'min_value': 600.0,
      'state': '1500',
      'state_translated': None,
      'step': 25,
      'type': 'I2dNumber',
      'unit': 'RPM',
    }),
    'relayK2Rpm': dict({
      'current_value': 1200.0,
      'data': dict({
        'RS485fwversion': '1.0.0',
        '_rpmhwmin': '600',
        'busstatus': '0',
        'countdownperiod': '30',
        'countdownrpm': '1500',
        'countdowntimer': '0',
        'currentspan': '-1',
        'customspeedrpm': '1500',
        'customspeedtimer': '60',
        'demandvisible': '0',
        'faultvisible': '0',
        'freezeprotectenable': '1',
        'freezeprotectperiod': '30',
        'freezeprotectrpm': '1000',
        'freezeprotectsetpointc': '4',
        'freezeprotectstatus': '0',
        'fwversion': '1.5.2',
        'globalrpmmax': '3450',
        'globalrpmmin': '600',
        'horsepower': '1.65',
        'horsepowercode': '0A',
        'hotspottimer': '5',
        'localtime': '12:34',
        'motordata': dict({
          'horsepower': '1.65',
          'horsepowercode': '0A',
          'power': '180',
          'productid': '1A',
          'speed': '1500',
          'temperature': '110',
          'updateprogress': '0',
        }),
        'name': 'ABC123',
        'opmode': '0',
        'power': '180',
        'primingperiod': '3',
        'primingrpm': '3450',
        'primingtimer': '0',
        'productid': '1A',
        'quickcleanperiod': '8',
        'quickcleanrpm': '3450',
        'quickcleantimer': '0',
        'relayK1Rpm': '1500',
        'relayK2Rpm': '1200',
        'rpmtarget': '1500',
        'runstate': 'on',
        'serialnumber': 'ABC123',
        'speed': '1500',
        'temperature': '110',
        'timeoutperiod': '10',
        'timeouttimer': '0',
        'timezone': 'America/Los_Angeles',
        'updateflag': '0',
        'updateprogress': '0',
        'utctime': '1700000000',
        'wifistatus': dict({
          'ssid': 'MyNetwork',
          'state': 'connected',
        }),
      }),
      'label': 'Auxiliary Relay K2 RPM',
      'max_value': 3450.0,
      'min_value': 600.0,
      'state': '1200',
      'state_translated': None,
      'step': 25,
      'type': 'I2dNumber',
      'unit': 'RPM',
    }),
    'speed': dict({
      'data': dict({
        'RS485fwversion': '1.0.0',
        '_rpmhwmin': '600',
        'busstatus': '0',
        'countdownperiod': '30',
        'countdownrpm': '1500',
        'countdowntimer': '0',
        'currentspan': '-1',
        'customspeedrpm': '1500',
        'customspeedtimer': '60',
        'demandvisible': '0',
        'faultvisible': '0',
        'freezeprotectenable': '1',
        'freezeprotectperiod': '30',
        'freezeprotectrpm': '1000',
        'freezeprotectsetpointc': '4',
        'freezeprotectstatus': '0',
        'fwversion': '1.5.2',
        'globalrpmmax': '3450',
        'globalrpmmin': '600',
        'horsepower': '1.65',
        'horsepowercode': '0A',
        'hotspottimer': '5',
        'localtime': '12:34',
        'motordata': dict({
          'horsepower': '1.65',
          'horsepowercode': '0A',
          'power': '180',
          'productid': '1A',
          'speed': '1500',
          'temperature': '110',
          'updateprogress': '0',
        }),
        'name': 'ABC123',
        'opmode': '0',
        'power': '180',
        'primingperiod': '3',
        'primingrpm': '3450',
        'primingtimer': '0',
        'productid': '1A',
        'quickcleanperiod': '8',
        'quickcleanrpm': '3450',
        'quickcleantimer': '0',
        'relayK1Rpm': '1500',
        'relayK2Rpm': '1200',
        'rpmtarget': '1500',
        'runstate': 'on',
        'serialnumber': 'ABC123',
        'speed': '1500',
        'temperature': '110',
        'timeoutperiod': '10',
        'timeouttimer': '0',
        'timezone': 'America/Los_Angeles',
        'updateflag': '0',
        'updateprogress': '0',
        'utctime': '1700000000',
        'wifistatus': dict({
          'ssid': 'MyNetwork',
          'state': 'connected',
        }),
      }),
      'label': 'Motor Speed',
      'state': '1500',
      'state_translated': None,
      'type': 'I2dSensor',
      'unit': 'RPM',
    }),
    'temperature': dict({
      'data': dict({
        'RS485fwversion': '1.0.0',
        '_rpmhwmin': '600',
        'busstatus': '0',
        'countdownperiod': '30',
        'countdownrpm': '1500',
        'countdowntimer': '0',
        'currentspan': '-1',
        'customspeedrpm': '1500',
        'customspeedtimer': '60',
        'demandvisible': '0',
        'faultvisible': '0',
        'freezeprotectenable': '1',
        'freezeprotectperiod': '30',
        'freezeprotectrpm': '1000',
        'freezeprotectsetpointc': '4',
        'freezeprotectstatus': '0',
        'fwversion': '1.5.2',
        'globalrpmmax': '3450',
        'globalrpmmin': '600',
        'horsepower': '1.65',
        'horsepowercode': '0A',
        'hotspottimer': '5',
        'localtime': '12:34',
        'motordata': dict({
          'horsepower': '1.65',
          'horsepowercode': '0A',
          'power': '180',
          'productid': '1A',
          'speed': '1500',
          'temperature': '110',
          'updateprogress': '0',
        }),
        'name': 'ABC123',
        'opmode': '0',
        'power': '180',
        'primingperiod': '3',
        'primingrpm': '3450',
        'primingtimer': '0',
        'productid': '1A',
        'quickcleanperiod': '8',
        'quickcleanrpm': '3450',
        'quickcleantimer': '0',
        'relayK1Rpm': '1500',
        'relayK2Rpm': '1200',
        'rpmtarget': '1500',
        'runstate': 'on',
        'serialnumber': 'ABC123',
        'speed': '1500',
        'temperature': '110',
        'timeoutperiod': '10',
        'timeouttimer': '0',
        'timezone': 'America/Los_Angeles',
        'updateflag': '0',
        'updateprogress': '0',
        'utctime': '1700000000',
        'wifistatus': dict({
          'ssid': 'MyNetwork',
          'state': 'connected',
        }),
      }),
      'label': 'Motor Temperature',
      'state': '110',
      'state_translated': None,
      'type': 'I2dSensor',
      'unit': '°F',
    }),
    'timeoutperiod': dict({
      'current_value': 10.0,
      'data': dict({
        'RS485fwversion': '1.0.0',
        '_rpmhwmin': '600',
        'busstatus': '0',
        'countdownperiod': '30',
        'countdownrpm': '1500',
        'countdowntimer': '0',
        'currentspan': '-1',
        'customspeedrpm': '1500',
        'customspeedtimer': '60',
        'demandvisible': '0',
        'faultvisible': '0',
        'freezeprotectenable': '1',
        'freezeprotectperiod': '30',
        'freezeprotectrpm': '1000',
        'freezeprotectsetpointc': '4',
        'freezeprotectstatus': '0',
        'fwversion': '1.5.2',
        'globalrpmmax': '3450',
        'globalrpmmin': '600',
        'horsepower': '1.65',
        'horsepowercode': '0A',
        'hotspottimer': '5',
        'localtime': '12:34',
        'motordata': dict({
          'horsepower': '1.65',
          'horsepowercode': '0A',
          'power': '180',
          'productid': '1A',
          'speed': '1500',
          'temperature': '110',
          'updateprogress': '0',
        }),
        'name': 'ABC123',
        'opmode': '0',
        'power': '180',
        'primingperiod': '3',
        'primingrpm': '3450',
        'primingtimer': '0',
        'productid': '1A',
        'quickcleanperiod': '8',
        'quickcleanrpm': '3450',
        'quickcleantimer': '0',
        'relayK1Rpm': '1500',
        'relayK2Rpm': '1200',
        'rpmtarget': '1500',
        'runstate': 'on',
        'serialnumber': 'ABC123',
        'speed': '1500',
        'temperature': '110',
        'timeoutperiod': '10',
        'timeouttimer': '0',
        'timezone': 'America/Los_Angeles',
        'updateflag': '0',
        'updateprogress': '0',
        'utctime': '1700000000',
        'wifistatus': dict({
          'ssid': 'MyNetwork',
          'state': 'connected',
        }),
      }),
      'label': 'Timeout Period',
      'max_value': 86400,
      'min_value': 3600,
      'state': '10',
      'state_translated': None,
      'step': 3600,
      'type': 'I2dNumber',
      'unit': 's',
    }),
    'timeouttimer': dict({
      'data': dict({
        'RS485fwversion': '1.0.0',
        '_rpmhwmin': '600',
        'busstatus': '0',
        'countdownperiod': '30',
        'countdownrpm': '1500',
        'countdowntimer': '0',
        'currentspan': '-1',
        'customspeedrpm': '1500',
        'customspeedtimer': '60',
        'demandvisible': '0',
        'faultvisible': '0',
        'freezeprotectenable': '1',
        'freezeprotectperiod': '30',
        'freezeprotectrpm': '1000',
        'freezeprotectsetpointc': '4',
        'freezeprotectstatus': '0',
        'fwversion': '1.5.2',
        'globalrpmmax': '3450',
        'globalrpmmin': '600',
        'horsepower': '1.65',
        'horsepowercode': '0A',
        'hotspottimer': '5',
        'localtime': '12:34',
        'motordata': dict({
          'horsepower': '1.65',
          'horsepowercode': '0A',
          'power': '180',
          'productid': '1A',
          'speed': '1500',
          'temperature': '110',
          'updateprogress': '0',
        }),
        'name': 'ABC123',
        'opmode': '0',
        'power': '180',
        'primingperiod': '3',
        'primingrpm': '3450',
        'primingtimer': '0',
        'productid': '1A',
        'quickcleanperiod': '8',
        'quickcleanrpm': '3450',
        'quickcleantimer': '0',
        'relayK1Rpm': '1500',
        'relayK2Rpm': '1200',
        'rpmtarget': '1500',
        'runstate': 'on',
        'serialnumber': 'ABC123',
        'speed': '1500',
        'temperature': '110',
        'timeoutperiod': '10',
        'timeouttimer': '0',
        'timezone': 'America/Los_Angeles',
        'updateflag': '0',
        'updateprogress': '0',
        'utctime': '1700000000',
        'wifistatus': dict({
          'ssid': 'MyNetwork',
          'state': 'connected',
        }),
      }),
      'label': 'Timeout Timer',
      'state': '0',
      'state_translated': None,
      'type': 'I2dSensor',
      'unit': 's',
    }),
    'updateflag': dict({
      'data': dict({
        'RS485fwversion': '1.0.0',
        '_rpmhwmin': '600',
        'busstatus': '0',
        'countdownperiod': '30',
        'countdownrpm': '1500',
        'countdowntimer': '0',
        'currentspan': '-1',
        'customspeedrpm': '1500',
        'customspeedtimer': '60',
        'demandvisible': '0',
        'faultvisible': '0',
        'freezeprotectenable': '1',
        'freezeprotectperiod': '30',
        'freezeprotectrpm': '1000',
        'freezeprotectsetpointc': '4',
        'freezeprotectstatus': '0',
        'fwversion': '1.5.2',
        'globalrpmmax': '3450',
        'globalrpmmin': '600',
        'horsepower': '1.65',
        'horsepowercode': '0A',
        'hotspottimer': '5',
        'localtime': '12:34',
        'motordata': dict({
          'horsepower': '1.65',
          'horsepowercode': '0A',
          'power': '180',
          'productid': '1A',
          'speed': '1500',
          'temperature': '110',
          'updateprogress': '0',
        }),
        'name': 'ABC123',
        'opmode': '0',
        'power': '180',
        'primingperiod': '3',
        'primingrpm': '3450',
        'primingtimer': '0',
        'productid': '1A',
        'quickcleanperiod': '8',
        'quickcleanrpm': '3450',
        'quickcleantimer': '0',
        'relayK1Rpm': '1500',
        'relayK2Rpm': '1200',
        'rpmtarget': '1500',
        'runstate': 'on',
        'serialnumber': 'ABC123',
        'speed': '1500',
        'temperature': '110',
        'timeoutperiod': '10',
        'timeouttimer': '0',
        'timezone': 'America/Los_Angeles',
        'updateflag': '0',
        'updateprogress': '0',
        'utctime': '1700000000',
        'wifistatus': dict({
          'ssid': 'MyNetwork',
          'state': 'connected',
        }),
      }),
      'label': 'Update Flag',
      'state': '0',
      'state_translated': None,
      'type': 'I2dSensor',
      'unit': None,
    }),
    'updateprogress': dict({
      'data': dict({
        'RS485fwversion': '1.0.0',
        '_rpmhwmin': '600',
        'busstatus': '0',
        'countdownperiod': '30',
        'countdownrpm': '1500',
        'countdowntimer': '0',
        'currentspan': '-1',
        'customspeedrpm': '1500',
        'customspeedtimer': '60',
        'demandvisible': '0',
        'faultvisible': '0',
        'freezeprotectenable': '1',
        'freezeprotectperiod': '30',
        'freezeprotectrpm': '1000',
        'freezeprotectsetpointc': '4',
        'freezeprotectstatus': '0',
        'fwversion': '1.5.2',
        'globalrpmmax': '3450',
        'globalrpmmin': '600',
        'horsepower': '1.65',
        'horsepowercode': '0A',
        'hotspottimer': '5',
        'localtime': '12:34',
        'motordata': dict({
          'horsepower': '1.65',
          'horsepowercode': '0A',
          'power': '180',
          'productid': '1A',
          'speed': '1500',
          'temperature': '110',
          'updateprogress': '0',
        }),
        'name': 'ABC123',
        'opmode': '0',
        'power': '180',
        'primingperiod': '3',
        'primingrpm': '3450',
        'primingtimer': '0',
        'productid': '1A',
        'quickcleanperiod': '8',
        'quickcleanrpm': '3450',
        'quickcleantimer': '0',
        'relayK1Rpm': '1500',
        'relayK2Rpm': '1200',
        'rpmtarget': '1500',
        'runstate': 'on',
        'serialnumber': 'ABC123',
        'speed': '1500',
        'temperature': '110',
        'timeoutperiod': '10',
        'timeouttimer': '0',
        'timezone': 'America/Los_Angeles',
        'updateflag': '0',
        'updateprogress': '0',
        'utctime': '1700000000',
        'wifistatus': dict({
          'ssid': 'MyNetwork',
          'state': 'connected',
        }),
      }),
      'label': 'Update Progress',
      'state': '0',
      'state_translated': None,
      'type': 'I2dSensor',
      'unit': None,
    }),
    'wifissid': dict({
      'data': dict({
        'RS485fwversion': '1.0.0',
        '_rpmhwmin': '600',
        'busstatus': '0',
        'countdownperiod': '30',
        'countdownrpm': '1500',
        'countdowntimer': '0',
        'currentspan': '-1',
        'customspeedrpm': '1500',
        'customspeedtimer': '60',
        'demandvisible': '0',
        'faultvisible': '0',
        'freezeprotectenable': '1',
        'freezeprotectperiod': '30',
        'freezeprotectrpm': '1000',
        'freezeprotectsetpointc': '4',
        'freezeprotectstatus': '0',
        'fwversion': '1.5.2',
        'globalrpmmax': '3450',
        'globalrpmmin': '600',
        'horsepower': '1.65',
        'horsepowercode': '0A',
        'hotspottimer': '5',
        'localtime': '12:34',
        'motordata': dict({
          'horsepower': '1.65',
          'horsepowercode': '0A',
          'power': '180',
          'productid': '1A',
          'speed': '1500',
          'temperature': '110',
          'updateprogress': '0',
        }),
        'name': 'ABC123',
        'opmode': '0',
        'power': '180',
        'primingperiod': '3',
        'primingrpm': '3450',
        'primingtimer': '0',
        'productid': '1A',
        'quickcleanperiod': '8',
        'quickcleanrpm': '3450',
        'quickcleantimer': '0',
        'relayK1Rpm': '1500',
        'relayK2Rpm': '1200',
        'rpmtarget': '1500',
        'runstate': 'on',
        'serialnumber': 'ABC123',
        'speed': '1500',
        'temperature': '110',
        'timeoutperiod': '10',
        'timeouttimer': '0',
        'timezone': 'America/Los_Angeles',
        'updateflag': '0',
        'updateprogress': '0',
        'utctime': '1700000000',
        'wifistatus': dict({
          'ssid': 'MyNetwork',
          'state': 'connected',
        }),
      }),
      'label': 'WiFi SSID',
      'state': 'MyNetwork',
      'state_translated': None,
      'type': 'I2dSensor',
      'unit': None,
    }),
    'wifistate': dict({
      'data': dict({
        'RS485fwversion': '1.0.0',
        '_rpmhwmin': '600',
        'busstatus': '0',
        'countdownperiod': '30',
        'countdownrpm': '1500',
        'countdowntimer': '0',
        'currentspan': '-1',
        'customspeedrpm': '1500',
        'customspeedtimer': '60',
        'demandvisible': '0',
        'faultvisible': '0',
        'freezeprotectenable': '1',
        'freezeprotectperiod': '30',
        'freezeprotectrpm': '1000',
        'freezeprotectsetpointc': '4',
        'freezeprotectstatus': '0',
        'fwversion': '1.5.2',
        'globalrpmmax': '3450',
        'globalrpmmin': '600',
        'horsepower': '1.65',
        'horsepowercode': '0A',
        'hotspottimer': '5',
        'localtime': '12:34',
        'motordata': dict({
          'horsepower': '1.65',
          'horsepowercode': '0A',
          'power': '180',
          'productid': '1A',
          'speed': '1500',
          'temperature': '110',
          'updateprogress': '0',
        }),
        'name': 'ABC123',
        'opmode': '0',
        'power': '180',
        'primingperiod': '3',
        'primingrpm': '3450',
        'primingtimer': '0',
        'productid': '1A',
        'quickcleanperiod': '8',
        'quickcleanrpm': '3450',
        'quickcleantimer': '0',
        'relayK1Rpm': '1500',
        'relayK2Rpm': '1200',
        'rpmtarget': '1500',
        'runstate': 'on',
        'serialnumber': 'ABC123',
        'speed': '1500',
        'temperature': '110',
        'timeoutperiod': '10',
        'timeouttimer': '0',
        'timezone': 'America/Los_Angeles',
        'updateflag': '0',
        'updateprogress': '0',
        'utctime': '1700000000',
        'wifistatus': dict({
          'ssid': 'MyNetwork',
          'state': 'connected',
        }),
      }),
      'label': 'WiFi State',
      'state': 'connected',
      'state_translated': None,
      'type': 'I2dSensor',
      'unit': None,
    }),
  })
# ---
