# serializer version: 1
# name: test_parse_alldata
  dict({
    'ABC123': dict({
      'is_on': True,
      'label': 'IQPump',
      'preset_mode': 'SCHEDULE',
      'preset_modes': list([
        'SCHEDULE',
        'CUSTOM',
        'STOP',
      ]),
      'type': 'I2dFan',
    }),
    'countdownperiod': dict({
      'current_value': 30.0,
      'label': 'Countdown Period',
      'max_value': 86400,
      'min_value': 3600,
      'step': 3600,
      'type': 'I2dNumber',
      'unit_of_measurement': 's',
    }),
    'countdownrpm': dict({
      'current_value': 1500.0,
      'label': 'Countdown RPM',
      'max_value': 3450.0,
      'min_value': 600.0,
      'step': 25,
      'type': 'I2dNumber',
      'unit_of_measurement': 'RPM',
    }),
    'countdowntimer': dict({
      'label': 'Countdown Timer',
      'type': 'I2dSensor',
      'unit_of_measurement': 's',
      'value': '0',
      'value_translated': None,
    }),
    'currentspan': dict({
      'label': 'Current Schedule Span',
      'type': 'I2dSensor',
      'unit_of_measurement': None,
      'value': '-1',
      'value_translated': None,
    }),
    'customspeedrpm': dict({
      'current_value': 1500.0,
      'label': 'Custom Speed RPM',
      'max_value': 3450.0,
      'min_value': 600.0,
      'step': 25,
      'type': 'I2dNumber',
      'unit_of_measurement': 'RPM',
    }),
    'customspeedtimer': dict({
      'current_value': 60.0,
      'label': 'Custom Speed Timer',
      'max_value': 3600,
      'min_value': 300,
      'step': 300,
      'type': 'I2dNumber',
      'unit_of_measurement': 's',
    }),
    'freezeprotectenable': dict({
      'is_on': True,
      'label': 'Freeze Protection',
      'type': 'I2dSwitch',
    }),
    'freezeprotectperiod': dict({
      'current_value': 30.0,
      'label': 'Freeze Protect Period',
      'max_value': 28800,
      'min_value': 0,
      'step': 1800,
      'type': 'I2dNumber',
      'unit_of_measurement': 's',
    }),
    'freezeprotectrpm': dict({
      'current_value': 1000.0,
      'label': 'Freeze Protect RPM',
      'max_value': 3450.0,
      'min_value': 600.0,
      'step': 25,
      'type': 'I2dNumber',
      'unit_of_measurement': 'RPM',
    }),
    'freezeprotectsetpointc': dict({
      'current_value': 4.0,
      'label': 'Freeze Protect Setpoint',
      'max_value': 7,
      'min_value': 3,
      'step': 1.0,
      'type': 'I2dNumber',
      'unit_of_measurement': '°C',
    }),
    'freezeprotectstatus': dict({
      'is_on': False,
      'label': 'Freeze Protect Status',
      'type': 'I2dBinarySensor',
    }),
    'fwversion': dict({
      'label': 'Firmware Version',
      'type': 'I2dSensor',
      'unit_of_measurement': None,
      'value': '1.5.2',
      'value_translated': None,
    }),
    'globalrpmmax': dict({
      'current_value': 3450.0,
      'label': 'Global RPM Max',
      'max_value': 3450,
      'min_value': 600.0,
      'step': 25,
      'type': 'I2dNumber',
      'unit_of_measurement': 'RPM',
    }),
    'globalrpmmin': dict({
      'current_value': 600.0,
      'label': 'Global RPM Min',
      'max_value': 3450.0,
      'min_value': 600.0,
      'step': 25,
      'type': 'I2dNumber',
      'unit_of_measurement': 'RPM',
    }),
    'horsepower': dict({
      'label': 'Horsepower',
      'type': 'I2dSensor',
      'unit_of_measurement': 'HP',
      'value': '1.65',
      'value_translated': None,
    }),
    'power': dict({
      'label': 'Motor Power',
      'type': 'I2dSensor',
      'unit_of_measurement': 'W',
      'value': '180',
      'value_translated': None,
    }),
    'primingperiod': dict({
      'current_value': 3.0,
      'label': 'Priming Period',
      'max_value': 300,
      'min_value': 0,
      'step': 60,
      'type': 'I2dNumber',
      'unit_of_measurement': 's',
    }),
    'primingrpm': dict({
      'current_value': 3450.0,
      'label': 'Priming RPM',
      'max_value': 3450.0,
      'min_value': 600.0,
      'step': 25,
      'type': 'I2dNumber',
      'unit_of_measurement': 'RPM',
    }),
    'primingtimer': dict({
      'label': 'Priming Timer',
      'type': 'I2dSensor',
      'unit_of_measurement': 's',
      'value': '0',
      'value_translated': None,
    }),
    'quickcleanperiod': dict({
      'current_value': 8.0,
      'label': 'Quick Clean Period',
      'max_value': 3600,
      'min_value': 300,
      'step': 300,
      'type': 'I2dNumber',
      'unit_of_measurement': 's',
    }),
    'quickcleanrpm': dict({
      'current_value': 3450.0,
      'label': 'Quick Clean RPM',
      'max_value': 3450.0,
      'min_value': 600.0,
      'step': 25,
      'type': 'I2dNumber',
      'unit_of_measurement': 'RPM',
    }),
    'quickcleantimer': dict({
      'label': 'Quick Clean Timer',
      'type': 'I2dSensor',
      'unit_of_measurement': 's',
      'value': '0',
      'value_translated': None,
    }),
    'relayK1Rpm': dict({
      'current_value': 1500.0,
      'label': 'Auxiliary Relay K1 RPM',
      'max_value': 3450.0,
      'min_value': 600.0,
      'step': 25,
      'type': 'I2dNumber',
      'unit_of_measurement': 'RPM',
    }),
    'relayK2Rpm': dict({
      'current_value': 1200.0,
      'label': 'Auxiliary Relay K2 RPM',
      'max_value': 3450.0,
      'min_value': 600.0,
      'step': 25,
      'type': 'I2dNumber',
      'unit_of_measurement': 'RPM',
    }),
    'speed': dict({
      'label': 'Motor Speed',
      'type': 'I2dSensor',
      'unit_of_measurement': 'RPM',
      'value': '1500',
      'value_translated': None,
    }),
    'temperature': dict({
      'label': 'Motor Temperature',
      'type': 'I2dSensor',
      'unit_of_measurement': '°F',
      'value': '110',
      'value_translated': None,
    }),
    'timeoutperiod': dict({
      'current_value': 10.0,
      'label': 'Timeout Period',
      'max_value': 86400,
      'min_value': 3600,
      'step': 3600,
      'type': 'I2dNumber',
      'unit_of_measurement': 's',
    }),
    'timeouttimer': dict({
      'label': 'Timeout Timer',
      'type': 'I2dSensor',
      'unit_of_measurement': 's',
      'value': '0',
      'value_translated': None,
    }),
    'updateflag': dict({
      'label': 'Update Flag',
      'type': 'I2dSensor',
      'unit_of_measurement': None,
      'value': '0',
      'value_translated': None,
    }),
    'updateprogress': dict({
      'label': 'Update Progress',
      'type': 'I2dSensor',
      'unit_of_measurement': None,
      'value': '0',
      'value_translated': None,
    }),
    'wifissid': dict({
      'label': 'WiFi SSID',
      'type': 'I2dSensor',
      'unit_of_measurement': None,
      'value': 'test-network',
      'value_translated': None,
    }),
    'wifistate': dict({
      'label': 'WiFi State',
      'type': 'I2dSensor',
      'unit_of_measurement': None,
      'value': 'connected',
      'value_translated': None,
    }),
  })
# ---
