# serializer version: 1
# name: test_parse_shadow
  dict({
    'control_box_vr': dict({
      'device_class': None,
      'entity_category': 'diagnostic',
      'label': 'Control Box Vr',
      'state_class': None,
      'type': 'CyclonextSensor',
      'unit_of_measurement': None,
      'value': 'cb-2.1',
      'value_translated': None,
    }),
    'cycle': dict({
      'device_class': None,
      'entity_category': None,
      'label': 'Cycle',
      'state_class': None,
      'type': 'CyclonextSensor',
      'unit_of_measurement': None,
      'value': '1',
      'value_translated': None,
    }),
    'cycleStartTime': dict({
      'device_class': None,
      'entity_category': None,
      'label': 'Cyclestarttime',
      'state_class': None,
      'type': 'CyclonextSensor',
      'unit_of_measurement': None,
      'value': '1000',
      'value_translated': None,
    }),
    'ebox_sn': dict({
      'device_class': None,
      'entity_category': 'diagnostic',
      'label': 'Ebox Sn',
      'state_class': None,
      'type': 'CyclonextSensor',
      'unit_of_measurement': None,
      'value': 'EBOX42',
      'value_translated': None,
    }),
    'ebox_vr': dict({
      'device_class': None,
      'entity_category': 'diagnostic',
      'label': 'Ebox Vr',
      'state_class': None,
      'type': 'CyclonextSensor',
      'unit_of_measurement': None,
      'value': 'ebx-1.0',
      'value_translated': None,
    }),
    'error_code': dict({
      'device_class': None,
      'entity_category': 'diagnostic',
      'label': 'Error Code',
      'state_class': None,
      'type': 'CyclonextErrorSensor',
      'unit_of_measurement': None,
      'value': 0,
      'value_translated': None,
    }),
    'mode': dict({
      'device_class': None,
      'entity_category': None,
      'label': 'Mode',
      'state_class': None,
      'type': 'CyclonextSensor',
      'unit_of_measurement': None,
      'value': '1',
      'value_translated': None,
    }),
    'model_number': dict({
      'device_class': None,
      'entity_category': 'diagnostic',
      'label': 'Model Number',
      'state_class': None,
      'type': 'CyclonextSensor',
      'unit_of_measurement': None,
      'value': '1',
      'value_translated': None,
    }),
    'robot': dict({
      'entity_category': None,
      'label': 'Robot',
      'type': 'CyclonextRobot',
    }),
    'running': dict({
      'device_class': 'running',
      'entity_category': 'diagnostic',
      'is_on': True,
      'label': 'Running',
      'type': 'CyclonextBinarySensor',
    }),
    'stepper': dict({
      'device_class': 'duration',
      'entity_category': None,
      'label': 'Stepper',
      'state_class': 'measurement',
      'type': 'CyclonextSensor',
      'unit_of_measurement': 'min',
      'value': 30,
      'value_translated': None,
    }),
    'time_remaining_sec': dict({
      'device_class': 'duration',
      'entity_category': None,
      'label': 'Time Remaining Sec',
      'state_class': 'measurement',
      'type': 'CyclonextSensor',
      'unit_of_measurement': 's',
      'value': 0,
      'value_translated': None,
    }),
  })
# ---
