# serializer version: 1
# name: test_parse_shadow
  dict({
    'amp': dict({
      'label': 'Amp',
      'type': 'ExoAttributeSensor',
      'unit_of_measurement': None,
      'value': '1',
      'value_translated': None,
    }),
    'aux230': dict({
      'label': 'Aux230',
      'type': 'ExoAttributeSensor',
      'unit_of_measurement': None,
      'value': '1',
      'value_translated': None,
    }),
    'aux_1': dict({
      'is_on': False,
      'label': 'Aux 1',
      'type': 'ExoAuxSwitch',
    }),
    'aux_2': dict({
      'is_on': False,
      'label': 'Aux 2',
      'type': 'ExoAuxSwitch',
    }),
    'boost': dict({
      'is_on': False,
      'label': 'Boost',
      'type': 'ExoAttributeSwitch',
    }),
    'dual_link': dict({
      'label': 'Dual Link',
      'type': 'ExoAttributeSensor',
      'unit_of_measurement': None,
      'value': '1',
      'value_translated': None,
    }),
    'error_code': dict({
      'label': 'Error Code',
      'type': 'ExoErrorSensor',
      'unit_of_measurement': None,
      'value': '0',
      'value_translated': None,
    }),
    'error_state': dict({
      'label': 'Error State',
      'type': 'ExoErrorSensor',
      'unit_of_measurement': None,
      'value': '0',
      'value_translated': None,
    }),
    'exo_state': dict({
      'label': 'Exo State',
      'type': 'ExoAttributeSensor',
      'unit_of_measurement': None,
      'value': '1',
      'value_translated': None,
    }),
    'filter_pump': dict({
      'is_on': True,
      'label': 'Filter pump',
      'type': 'ExoFilterPump',
    }),
    'lang': dict({
      'label': 'Lang',
      'type': 'ExoAttributeSensor',
      'unit_of_measurement': None,
      'value': '2',
      'value_translated': None,
    }),
    'low': dict({
      'is_on': False,
      'label': 'Low',
      'type': 'ExoAttributeSwitch',
    }),
    'orp_sp': dict({
      'label': 'Orp Sp',
      'type': 'ExoAttributeSensor',
      'unit_of_measurement': None,
      'value': '830',
      'value_translated': None,
    }),
    'ph_only': dict({
      'label': 'Ph Only',
      'type': 'ExoAttributeSensor',
      'unit_of_measurement': None,
      'value': '1',
      'value_translated': None,
    }),
    'ph_sp': dict({
      'label': 'Ph Sp',
      'type': 'ExoAttributeSensor',
      'unit_of_measurement': None,
      'value': '74',
      'value_translated': None,
    }),
    'production': dict({
      'is_on': True,
      'label': 'Production',
      'type': 'ExoAttributeSwitch',
    }),
    'sns_1': dict({
      'label': 'Ph',
      'type': 'ExoSensor',
      'unit_of_measurement': None,
      'value': '75',
      'value_translated': None,
    }),
    'sns_2': dict({
      'label': 'Orp',
      'type': 'ExoSensor',
      'unit_of_measurement': None,
      'value': '780',
      'value_translated': None,
    }),
    'sns_3': dict({
      'label': 'Water temp',
      'type': 'ExoSensor',
      'unit_of_measurement': None,
      'value': '29',
      'value_translated': None,
    }),
    'swc': dict({
      'label': 'Swc',
      'type': 'ExoAttributeSensor',
      'unit_of_measurement': None,
      'value': '50',
      'value_translated': None,
    }),
    'swc_low': dict({
      'label': 'Swc Low',
      'type': 'ExoAttributeSensor',
      'unit_of_measurement': None,
      'value': '0',
      'value_translated': None,
    }),
    'temp': dict({
      'label': 'Temp',
      'type': 'ExoAttributeSensor',
      'unit_of_measurement': None,
      'value': '1',
      'value_translated': None,
    }),
    'vsp': dict({
      'label': 'Vsp',
      'type': 'ExoAttributeSensor',
      'unit_of_measurement': None,
      'value': '1',
      'value_translated': None,
    }),
  })
# ---
